<?xml version="1.0" encoding="ISO-8859-1" ?>
<link_info>
   <banner>MSP430 Linker PC v20.2.5.LTS</banner>
   <copyright>Copyright (c) 2003-2018 Texas Instruments Incorporated</copyright>
   <link_time>0x6155061f</link_time>
   <link_errors>0x0</link_errors>
   <output_file>ece2049a21_lab2_swkarkache_nvborrello.out</output_file>
   <entry_point>
      <name>_c_int00_noargs</name>
      <address>0x4400</address>
   </entry_point>
   <input_file_list>
      <input_file id="fl-2">
         <path>.\</path>
         <kind>object</kind>
         <file>MSP430HeroFunctions.obj</file>
         <name>MSP430HeroFunctions.obj</name>
      </input_file>
      <input_file id="fl-3">
         <path>.\</path>
         <kind>object</kind>
         <file>main.obj</file>
         <name>main.obj</name>
      </input_file>
      <input_file id="fl-4">
         <path>.\</path>
         <kind>object</kind>
         <file>peripherals.obj</file>
         <name>peripherals.obj</name>
      </input_file>
      <input_file id="fl-5">
         <path>.\LcdDriver\</path>
         <kind>object</kind>
         <file>HAL_MSP_EXP430FR5529_Sharp96x96.obj</file>
         <name>HAL_MSP_EXP430FR5529_Sharp96x96.obj</name>
      </input_file>
      <input_file id="fl-6">
         <path>.\LcdDriver\</path>
         <kind>object</kind>
         <file>Sharp96x96.obj</file>
         <name>Sharp96x96.obj</name>
      </input_file>
      <input_file id="fl-7">
         <path>.\fonts\</path>
         <kind>object</kind>
         <file>fontfixed6x8.obj</file>
         <name>fontfixed6x8.obj</name>
      </input_file>
      <input_file id="fl-8">
         <path>.\images\</path>
         <kind>object</kind>
         <file>LPRocket_96x37.obj</file>
         <name>LPRocket_96x37.obj</name>
      </input_file>
      <input_file id="fl-9">
         <path>.\images\</path>
         <kind>object</kind>
         <file>TI_Logo_69x64.obj</file>
         <name>TI_Logo_69x64.obj</name>
      </input_file>
      <input_file id="fl-10">
         <kind>object</kind>
         <file>&lt;internal&gt;</file>
         <name>&lt;internal&gt;</name>
      </input_file>
      <input_file id="fl-11">
         <path>..\lib\</path>
         <kind>archive</kind>
         <file>grlib.lib</file>
         <name>context.obj</name>
      </input_file>
      <input_file id="fl-12">
         <path>..\lib\</path>
         <kind>archive</kind>
         <file>grlib.lib</file>
         <name>display.obj</name>
      </input_file>
      <input_file id="fl-13">
         <path>..\lib\</path>
         <kind>archive</kind>
         <file>grlib.lib</file>
         <name>string.obj</name>
      </input_file>
      <input_file id="fl-14">
         <path>..\lib\</path>
         <kind>archive</kind>
         <file>grlib.lib</file>
         <name>line.obj</name>
      </input_file>
      <input_file id="fl-2a">
         <path>C:\ti\ccs1040\ccs\tools\compiler\ti-cgt-msp430_20.2.5.LTS\lib\</path>
         <kind>archive</kind>
         <file>rts430x_lc_rd_eabi.lib</file>
         <name>asr16.asm.obj</name>
      </input_file>
      <input_file id="fl-2b">
         <path>C:\ti\ccs1040\ccs\tools\compiler\ti-cgt-msp430_20.2.5.LTS\lib\</path>
         <kind>archive</kind>
         <file>rts430x_lc_rd_eabi.lib</file>
         <name>div32s.asm.obj</name>
      </input_file>
      <input_file id="fl-2c">
         <path>C:\ti\ccs1040\ccs\tools\compiler\ti-cgt-msp430_20.2.5.LTS\lib\</path>
         <kind>archive</kind>
         <file>rts430x_lc_rd_eabi.lib</file>
         <name>div32u.asm.obj</name>
      </input_file>
      <input_file id="fl-2d">
         <path>C:\ti\ccs1040\ccs\tools\compiler\ti-cgt-msp430_20.2.5.LTS\lib\</path>
         <kind>archive</kind>
         <file>rts430x_lc_rd_eabi.lib</file>
         <name>int41.asm.obj</name>
      </input_file>
      <input_file id="fl-2e">
         <path>C:\ti\ccs1040\ccs\tools\compiler\ti-cgt-msp430_20.2.5.LTS\lib\</path>
         <kind>archive</kind>
         <file>rts430x_lc_rd_eabi.lib</file>
         <name>int42.asm.obj</name>
      </input_file>
      <input_file id="fl-2f">
         <path>C:\ti\ccs1040\ccs\tools\compiler\ti-cgt-msp430_20.2.5.LTS\lib\</path>
         <kind>archive</kind>
         <file>rts430x_lc_rd_eabi.lib</file>
         <name>int43.asm.obj</name>
      </input_file>
      <input_file id="fl-30">
         <path>C:\ti\ccs1040\ccs\tools\compiler\ti-cgt-msp430_20.2.5.LTS\lib\</path>
         <kind>archive</kind>
         <file>rts430x_lc_rd_eabi.lib</file>
         <name>int45.asm.obj</name>
      </input_file>
      <input_file id="fl-31">
         <path>C:\ti\ccs1040\ccs\tools\compiler\ti-cgt-msp430_20.2.5.LTS\lib\</path>
         <kind>archive</kind>
         <file>rts430x_lc_rd_eabi.lib</file>
         <name>int46.asm.obj</name>
      </input_file>
      <input_file id="fl-32">
         <path>C:\ti\ccs1040\ccs\tools\compiler\ti-cgt-msp430_20.2.5.LTS\lib\</path>
         <kind>archive</kind>
         <file>rts430x_lc_rd_eabi.lib</file>
         <name>int47.asm.obj</name>
      </input_file>
      <input_file id="fl-33">
         <path>C:\ti\ccs1040\ccs\tools\compiler\ti-cgt-msp430_20.2.5.LTS\lib\</path>
         <kind>archive</kind>
         <file>rts430x_lc_rd_eabi.lib</file>
         <name>int48.asm.obj</name>
      </input_file>
      <input_file id="fl-34">
         <path>C:\ti\ccs1040\ccs\tools\compiler\ti-cgt-msp430_20.2.5.LTS\lib\</path>
         <kind>archive</kind>
         <file>rts430x_lc_rd_eabi.lib</file>
         <name>int50.asm.obj</name>
      </input_file>
      <input_file id="fl-35">
         <path>C:\ti\ccs1040\ccs\tools\compiler\ti-cgt-msp430_20.2.5.LTS\lib\</path>
         <kind>archive</kind>
         <file>rts430x_lc_rd_eabi.lib</file>
         <name>int51.asm.obj</name>
      </input_file>
      <input_file id="fl-36">
         <path>C:\ti\ccs1040\ccs\tools\compiler\ti-cgt-msp430_20.2.5.LTS\lib\</path>
         <kind>archive</kind>
         <file>rts430x_lc_rd_eabi.lib</file>
         <name>int52.asm.obj</name>
      </input_file>
      <input_file id="fl-37">
         <path>C:\ti\ccs1040\ccs\tools\compiler\ti-cgt-msp430_20.2.5.LTS\lib\</path>
         <kind>archive</kind>
         <file>rts430x_lc_rd_eabi.lib</file>
         <name>int53.asm.obj</name>
      </input_file>
      <input_file id="fl-38">
         <path>C:\ti\ccs1040\ccs\tools\compiler\ti-cgt-msp430_20.2.5.LTS\lib\</path>
         <kind>archive</kind>
         <file>rts430x_lc_rd_eabi.lib</file>
         <name>int54.asm.obj</name>
      </input_file>
      <input_file id="fl-39">
         <path>C:\ti\ccs1040\ccs\tools\compiler\ti-cgt-msp430_20.2.5.LTS\lib\</path>
         <kind>archive</kind>
         <file>rts430x_lc_rd_eabi.lib</file>
         <name>int55.asm.obj</name>
      </input_file>
      <input_file id="fl-3a">
         <path>C:\ti\ccs1040\ccs\tools\compiler\ti-cgt-msp430_20.2.5.LTS\lib\</path>
         <kind>archive</kind>
         <file>rts430x_lc_rd_eabi.lib</file>
         <name>int56.asm.obj</name>
      </input_file>
      <input_file id="fl-3b">
         <path>C:\ti\ccs1040\ccs\tools\compiler\ti-cgt-msp430_20.2.5.LTS\lib\</path>
         <kind>archive</kind>
         <file>rts430x_lc_rd_eabi.lib</file>
         <name>int57.asm.obj</name>
      </input_file>
      <input_file id="fl-3c">
         <path>C:\ti\ccs1040\ccs\tools\compiler\ti-cgt-msp430_20.2.5.LTS\lib\</path>
         <kind>archive</kind>
         <file>rts430x_lc_rd_eabi.lib</file>
         <name>int58.asm.obj</name>
      </input_file>
      <input_file id="fl-3d">
         <path>C:\ti\ccs1040\ccs\tools\compiler\ti-cgt-msp430_20.2.5.LTS\lib\</path>
         <kind>archive</kind>
         <file>rts430x_lc_rd_eabi.lib</file>
         <name>int59.asm.obj</name>
      </input_file>
      <input_file id="fl-3e">
         <path>C:\ti\ccs1040\ccs\tools\compiler\ti-cgt-msp430_20.2.5.LTS\lib\</path>
         <kind>archive</kind>
         <file>rts430x_lc_rd_eabi.lib</file>
         <name>int60.asm.obj</name>
      </input_file>
      <input_file id="fl-3f">
         <path>C:\ti\ccs1040\ccs\tools\compiler\ti-cgt-msp430_20.2.5.LTS\lib\</path>
         <kind>archive</kind>
         <file>rts430x_lc_rd_eabi.lib</file>
         <name>int61.asm.obj</name>
      </input_file>
      <input_file id="fl-40">
         <path>C:\ti\ccs1040\ccs\tools\compiler\ti-cgt-msp430_20.2.5.LTS\lib\</path>
         <kind>archive</kind>
         <file>rts430x_lc_rd_eabi.lib</file>
         <name>int62.asm.obj</name>
      </input_file>
      <input_file id="fl-41">
         <path>C:\ti\ccs1040\ccs\tools\compiler\ti-cgt-msp430_20.2.5.LTS\lib\</path>
         <kind>archive</kind>
         <file>rts430x_lc_rd_eabi.lib</file>
         <name>isr_trap.asm.obj</name>
      </input_file>
      <input_file id="fl-42">
         <path>C:\ti\ccs1040\ccs\tools\compiler\ti-cgt-msp430_20.2.5.LTS\lib\</path>
         <kind>archive</kind>
         <file>rts430x_lc_rd_eabi.lib</file>
         <name>lsl16.asm.obj</name>
      </input_file>
      <input_file id="fl-43">
         <path>C:\ti\ccs1040\ccs\tools\compiler\ti-cgt-msp430_20.2.5.LTS\lib\</path>
         <kind>archive</kind>
         <file>rts430x_lc_rd_eabi.lib</file>
         <name>mult16.asm.obj</name>
      </input_file>
      <input_file id="fl-44">
         <path>C:\ti\ccs1040\ccs\tools\compiler\ti-cgt-msp430_20.2.5.LTS\lib\</path>
         <kind>archive</kind>
         <file>rts430x_lc_rd_eabi.lib</file>
         <name>mult16_f5hw.asm.obj</name>
      </input_file>
      <input_file id="fl-45">
         <path>C:\ti\ccs1040\ccs\tools\compiler\ti-cgt-msp430_20.2.5.LTS\lib\</path>
         <kind>archive</kind>
         <file>rts430x_lc_rd_eabi.lib</file>
         <name>mult1632_f5hw.asm.obj</name>
      </input_file>
      <input_file id="fl-46">
         <path>C:\ti\ccs1040\ccs\tools\compiler\ti-cgt-msp430_20.2.5.LTS\lib\</path>
         <kind>archive</kind>
         <file>rts430x_lc_rd_eabi.lib</file>
         <name>mult32.asm.obj</name>
      </input_file>
      <input_file id="fl-47">
         <path>C:\ti\ccs1040\ccs\tools\compiler\ti-cgt-msp430_20.2.5.LTS\lib\</path>
         <kind>archive</kind>
         <file>rts430x_lc_rd_eabi.lib</file>
         <name>mult32_f5hw.asm.obj</name>
      </input_file>
      <input_file id="fl-48">
         <path>C:\ti\ccs1040\ccs\tools\compiler\ti-cgt-msp430_20.2.5.LTS\lib\</path>
         <kind>archive</kind>
         <file>rts430x_lc_rd_eabi.lib</file>
         <name>mult3264_f5hw.asm.obj</name>
      </input_file>
      <input_file id="fl-49">
         <path>C:\ti\ccs1040\ccs\tools\compiler\ti-cgt-msp430_20.2.5.LTS\lib\</path>
         <kind>archive</kind>
         <file>rts430x_lc_rd_eabi.lib</file>
         <name>mult64_f5hw.asm.obj</name>
      </input_file>
      <input_file id="fl-4a">
         <path>C:\ti\ccs1040\ccs\tools\compiler\ti-cgt-msp430_20.2.5.LTS\lib\</path>
         <kind>archive</kind>
         <file>rts430x_lc_rd_eabi.lib</file>
         <name>boot.c.obj</name>
      </input_file>
      <input_file id="fl-4b">
         <path>C:\ti\ccs1040\ccs\tools\compiler\ti-cgt-msp430_20.2.5.LTS\lib\</path>
         <kind>archive</kind>
         <file>rts430x_lc_rd_eabi.lib</file>
         <name>autoinit.c.obj</name>
      </input_file>
      <input_file id="fl-4c">
         <path>C:\ti\ccs1040\ccs\tools\compiler\ti-cgt-msp430_20.2.5.LTS\lib\</path>
         <kind>archive</kind>
         <file>rts430x_lc_rd_eabi.lib</file>
         <name>copy_zero_init.c.obj</name>
      </input_file>
      <input_file id="fl-4d">
         <path>C:\ti\ccs1040\ccs\tools\compiler\ti-cgt-msp430_20.2.5.LTS\lib\</path>
         <kind>archive</kind>
         <file>rts430x_lc_rd_eabi.lib</file>
         <name>cpy_tbl.c.obj</name>
      </input_file>
      <input_file id="fl-4e">
         <path>C:\ti\ccs1040\ccs\tools\compiler\ti-cgt-msp430_20.2.5.LTS\lib\</path>
         <kind>archive</kind>
         <file>rts430x_lc_rd_eabi.lib</file>
         <name>mpu_init.c.obj</name>
      </input_file>
      <input_file id="fl-4f">
         <path>C:\ti\ccs1040\ccs\tools\compiler\ti-cgt-msp430_20.2.5.LTS\lib\</path>
         <kind>archive</kind>
         <file>rts430x_lc_rd_eabi.lib</file>
         <name>pre_init.c.obj</name>
      </input_file>
      <input_file id="fl-50">
         <path>C:\ti\ccs1040\ccs\tools\compiler\ti-cgt-msp430_20.2.5.LTS\lib\</path>
         <kind>archive</kind>
         <file>rts430x_lc_rd_eabi.lib</file>
         <name>startup.c.obj</name>
      </input_file>
      <input_file id="fl-51">
         <path>C:\ti\ccs1040\ccs\tools\compiler\ti-cgt-msp430_20.2.5.LTS\lib\</path>
         <kind>archive</kind>
         <file>rts430x_lc_rd_eabi.lib</file>
         <name>copy_decompress_none.c.obj</name>
      </input_file>
      <input_file id="fl-52">
         <path>C:\ti\ccs1040\ccs\tools\compiler\ti-cgt-msp430_20.2.5.LTS\lib\</path>
         <kind>archive</kind>
         <file>rts430x_lc_rd_eabi.lib</file>
         <name>copy_decompress_lzss.c.obj</name>
      </input_file>
      <input_file id="fl-53">
         <path>C:\ti\ccs1040\ccs\tools\compiler\ti-cgt-msp430_20.2.5.LTS\lib\</path>
         <kind>archive</kind>
         <file>rts430x_lc_rd_eabi.lib</file>
         <name>addd.c.obj</name>
      </input_file>
      <input_file id="fl-54">
         <path>C:\ti\ccs1040\ccs\tools\compiler\ti-cgt-msp430_20.2.5.LTS\lib\</path>
         <kind>archive</kind>
         <file>rts430x_lc_rd_eabi.lib</file>
         <name>cmpd.c.obj</name>
      </input_file>
      <input_file id="fl-55">
         <path>C:\ti\ccs1040\ccs\tools\compiler\ti-cgt-msp430_20.2.5.LTS\lib\</path>
         <kind>archive</kind>
         <file>rts430x_lc_rd_eabi.lib</file>
         <name>fltud.c.obj</name>
      </input_file>
      <input_file id="fl-56">
         <path>C:\ti\ccs1040\ccs\tools\compiler\ti-cgt-msp430_20.2.5.LTS\lib\</path>
         <kind>archive</kind>
         <file>rts430x_lc_rd_eabi.lib</file>
         <name>fltuld.c.obj</name>
      </input_file>
      <input_file id="fl-57">
         <path>C:\ti\ccs1040\ccs\tools\compiler\ti-cgt-msp430_20.2.5.LTS\lib\</path>
         <kind>archive</kind>
         <file>rts430x_lc_rd_eabi.lib</file>
         <name>mpyd.c.obj</name>
      </input_file>
      <input_file id="fl-58">
         <path>C:\ti\ccs1040\ccs\tools\compiler\ti-cgt-msp430_20.2.5.LTS\lib\</path>
         <kind>archive</kind>
         <file>rts430x_lc_rd_eabi.lib</file>
         <name>exit.c.obj</name>
      </input_file>
      <input_file id="fl-59">
         <path>C:\ti\ccs1040\ccs\tools\compiler\ti-cgt-msp430_20.2.5.LTS\lib\</path>
         <kind>archive</kind>
         <file>rts430x_lc_rd_eabi.lib</file>
         <name>_lock.c.obj</name>
      </input_file>
      <input_file id="fl-5a">
         <path>C:\ti\ccs1040\ccs\tools\compiler\ti-cgt-msp430_20.2.5.LTS\lib\</path>
         <kind>archive</kind>
         <file>rts430x_lc_rd_eabi.lib</file>
         <name>args_main.c.obj</name>
      </input_file>
      <input_file id="fl-5b">
         <path>C:\ti\ccs1040\ccs\tools\compiler\ti-cgt-msp430_20.2.5.LTS\lib\</path>
         <kind>archive</kind>
         <file>rts430x_lc_rd_eabi.lib</file>
         <name>memcpy.c.obj</name>
      </input_file>
      <input_file id="fl-5c">
         <path>C:\ti\ccs1040\ccs\tools\compiler\ti-cgt-msp430_20.2.5.LTS\lib\</path>
         <kind>archive</kind>
         <file>rts430x_lc_rd_eabi.lib</file>
         <name>memset.c.obj</name>
      </input_file>
      <input_file id="fl-5d">
         <path>C:\ti\ccs1040\ccs\tools\compiler\ti-cgt-msp430_20.2.5.LTS\lib\</path>
         <kind>archive</kind>
         <file>rts430x_lc_rd_eabi.lib</file>
         <name>lsl32.asm.obj</name>
      </input_file>
      <input_file id="fl-5e">
         <path>C:\ti\ccs1040\ccs\tools\compiler\ti-cgt-msp430_20.2.5.LTS\lib\</path>
         <kind>archive</kind>
         <file>rts430x_lc_rd_eabi.lib</file>
         <name>lsr32.asm.obj</name>
      </input_file>
      <input_file id="fl-5f">
         <path>C:\ti\ccs1040\ccs\tools\compiler\ti-cgt-msp430_20.2.5.LTS\lib\</path>
         <kind>archive</kind>
         <file>rts430x_lc_rd_eabi.lib</file>
         <name>exit_gvars.c.obj</name>
      </input_file>
      <input_file id="fl-60">
         <path>C:\ti\ccs1040\ccs\tools\compiler\ti-cgt-msp430_20.2.5.LTS\lib\</path>
         <kind>archive</kind>
         <file>rts430x_lc_rd_eabi.lib</file>
         <name>asr64.c.obj</name>
      </input_file>
      <input_file id="fl-61">
         <path>C:\ti\ccs1040\ccs\tools\compiler\ti-cgt-msp430_20.2.5.LTS\lib\</path>
         <kind>archive</kind>
         <file>rts430x_lc_rd_eabi.lib</file>
         <name>lsl64.c.obj</name>
      </input_file>
      <input_file id="fl-62">
         <path>C:\ti\ccs1040\ccs\tools\compiler\ti-cgt-msp430_20.2.5.LTS\lib\</path>
         <kind>archive</kind>
         <file>rts430x_lc_rd_eabi.lib</file>
         <name>lsr64.c.obj</name>
      </input_file>
      <input_file id="fl-63">
         <path>C:\ti\ccs1040\ccs\tools\compiler\ti-cgt-msp430_20.2.5.LTS\lib\</path>
         <kind>archive</kind>
         <file>rts430x_lc_rd_eabi.lib</file>
         <name>frcmpyd.c.obj</name>
      </input_file>
      <input_file id="fl-64">
         <path>C:\ti\ccs1040\ccs\tools\compiler\ti-cgt-msp430_20.2.5.LTS\lib\</path>
         <kind>archive</kind>
         <file>rts430x_lc_rd_eabi.lib</file>
         <name>mult3264.asm.obj</name>
      </input_file>
      <input_file id="fl-65">
         <path>C:\ti\ccs1040\ccs\tools\compiler\ti-cgt-msp430_20.2.5.LTS\lib\</path>
         <kind>archive</kind>
         <file>rts430x_lc_rd_eabi.lib</file>
         <name>mult64.asm.obj</name>
      </input_file>
      <input_file id="fl-66">
         <path>C:\ti\ccs1040\ccs\tools\compiler\ti-cgt-msp430_20.2.5.LTS\lib\</path>
         <kind>archive</kind>
         <file>rts430x_lc_rd_eabi.lib</file>
         <name>mult1632.asm.obj</name>
      </input_file>
   </input_file_list>
   <object_component_list>
      <object_component id="oc-484">
         <name>.common:g_sContext</name>
         <uninitialized>true</uninitialized>
         <run_address>0x2880</run_address>
         <size>0x1c</size>
      </object_component>
      <object_component id="oc-5ef">
         <name>.common:DisplayBuffer</name>
         <uninitialized>true</uninitialized>
         <run_address>0x2400</run_address>
         <size>0x480</size>
      </object_component>
      <object_component id="oc-3e6">
         <name>.data</name>
         <load_address>0x289c</load_address>
         <run_address>0x289c</run_address>
         <size>0x4</size>
         <input_file_ref idref="fl-3"/>
      </object_component>
      <object_component id="oc-426">
         <name>.data</name>
         <load_address>0x28a0</load_address>
         <run_address>0x28a0</run_address>
         <size>0x2</size>
         <input_file_ref idref="fl-6"/>
      </object_component>
      <object_component id="oc-36b">
         <name>.stack</name>
         <uninitialized>true</uninitialized>
         <run_address>0x4360</run_address>
         <size>0x4</size>
         <input_file_ref idref="fl-4a"/>
      </object_component>
      <object_component id="oc-77b">
         <name>.stack</name>
         <uninitialized>true</uninitialized>
         <run_address>0x4360</run_address>
         <size>0x0</size>
      </object_component>
      <object_component id="oc-646">
         <name>.text:Graphics_drawString</name>
         <load_address>0x10000</load_address>
         <run_address>0x10000</run_address>
         <size>0x7e6</size>
         <input_file_ref idref="fl-13"/>
      </object_component>
      <object_component id="oc-4b6">
         <name>.text:__mspabi_addd</name>
         <load_address>0x107e6</load_address>
         <run_address>0x107e6</run_address>
         <size>0x72a</size>
         <input_file_ref idref="fl-53"/>
      </object_component>
      <object_component id="oc-3ff">
         <name>.text:main</name>
         <load_address>0x10f10</load_address>
         <run_address>0x10f10</run_address>
         <size>0x3ca</size>
         <input_file_ref idref="fl-3"/>
      </object_component>
      <object_component id="oc-4b0">
         <name>.text:__mspabi_mpyd</name>
         <load_address>0x112da</load_address>
         <run_address>0x112da</run_address>
         <size>0x298</size>
         <input_file_ref idref="fl-57"/>
      </object_component>
      <object_component id="oc-4c8">
         <name>.text:displayScore</name>
         <load_address>0x11572</load_address>
         <run_address>0x11572</run_address>
         <size>0x298</size>
         <input_file_ref idref="fl-2"/>
      </object_component>
      <object_component id="oc-60a">
         <name>.text:Sharp96x96_RectFill</name>
         <load_address>0x1180a</load_address>
         <run_address>0x1180a</run_address>
         <size>0x1c6</size>
         <input_file_ref idref="fl-6"/>
      </object_component>
      <object_component id="oc-604">
         <name>.text:Sharp96x96_LineDrawH</name>
         <load_address>0x119d0</load_address>
         <run_address>0x119d0</run_address>
         <size>0x184</size>
         <input_file_ref idref="fl-6"/>
      </object_component>
      <object_component id="oc-58d">
         <name>.text:__TI_frcmpyd</name>
         <load_address>0x11b54</load_address>
         <run_address>0x11b54</run_address>
         <size>0x164</size>
         <input_file_ref idref="fl-63"/>
      </object_component>
      <object_component id="oc-616">
         <name>.text:Sharp96x96_Flush</name>
         <load_address>0x11cb8</load_address>
         <run_address>0x11cb8</run_address>
         <size>0xf4</size>
         <input_file_ref idref="fl-6"/>
      </object_component>
      <object_component id="oc-6d1">
         <name>.text:Graphics_drawLineH</name>
         <load_address>0x11dac</load_address>
         <run_address>0x11dac</run_address>
         <size>0xdc</size>
         <input_file_ref idref="fl-14"/>
      </object_component>
      <object_component id="oc-4bc">
         <name>.text:__mspabi_cmpd</name>
         <load_address>0x11e88</load_address>
         <run_address>0x11e88</run_address>
         <size>0xd8</size>
         <input_file_ref idref="fl-54"/>
      </object_component>
      <object_component id="oc-640">
         <name>.text:Graphics_getStringWidth</name>
         <load_address>0x11f60</load_address>
         <run_address>0x11f60</run_address>
         <size>0xce</size>
         <input_file_ref idref="fl-13"/>
      </object_component>
      <object_component id="oc-47e">
         <name>.text:getKey</name>
         <load_address>0x1202e</load_address>
         <run_address>0x1202e</run_address>
         <size>0xcc</size>
         <input_file_ref idref="fl-4"/>
      </object_component>
      <object_component id="oc-5fe">
         <name>.text:Sharp96x96_LineDrawV</name>
         <load_address>0x120fa</load_address>
         <run_address>0x120fa</run_address>
         <size>0xc2</size>
         <input_file_ref idref="fl-6"/>
      </object_component>
      <object_component id="oc-5f2">
         <name>.text:Sharp96x96_PixelDraw</name>
         <load_address>0x121bc</load_address>
         <run_address>0x121bc</run_address>
         <size>0xa0</size>
         <input_file_ref idref="fl-6"/>
      </object_component>
      <object_component id="oc-5f8">
         <name>.text:Sharp96x96_DrawMultiple</name>
         <load_address>0x1225c</load_address>
         <run_address>0x1225c</run_address>
         <size>0x92</size>
         <input_file_ref idref="fl-6"/>
      </object_component>
      <object_component id="oc-478">
         <name>.text:titleScreen</name>
         <load_address>0x122ee</load_address>
         <run_address>0x122ee</run_address>
         <size>0x8c</size>
         <input_file_ref idref="fl-2"/>
      </object_component>
      <object_component id="oc-4a4">
         <name>.text:__mspabi_fltuld</name>
         <load_address>0x1237a</load_address>
         <run_address>0x1237a</run_address>
         <size>0x80</size>
         <input_file_ref idref="fl-56"/>
      </object_component>
      <object_component id="oc-555">
         <name>.text:Graphics_drawStringCentered</name>
         <load_address>0x123fa</load_address>
         <run_address>0x123fa</run_address>
         <size>0x78</size>
         <input_file_ref idref="fl-13"/>
      </object_component>
      <object_component id="oc-6d">
         <name>.text:decompress:lzss:__TI_decompress_lzss</name>
         <load_address>0x12472</load_address>
         <run_address>0x12472</run_address>
         <size>0x76</size>
         <input_file_ref idref="fl-52"/>
      </object_component>
      <object_component id="oc-61c">
         <name>.text:Sharp96x96_ClearScreen</name>
         <load_address>0x124e8</load_address>
         <run_address>0x124e8</run_address>
         <size>0x6a</size>
         <input_file_ref idref="fl-6"/>
      </object_component>
      <object_component id="oc-51b">
         <name>.text:Sharp96x96_Init</name>
         <load_address>0x12552</load_address>
         <run_address>0x12552</run_address>
         <size>0x6a</size>
         <input_file_ref idref="fl-5"/>
      </object_component>
      <object_component id="oc-6bd">
         <name>.text:Sharp96x96_InitializeDisplayBuffer</name>
         <load_address>0x125bc</load_address>
         <run_address>0x125bc</run_address>
         <size>0x66</size>
         <input_file_ref idref="fl-6"/>
      </object_component>
      <object_component id="oc-498">
         <name>.text:getButton</name>
         <load_address>0x12622</load_address>
         <run_address>0x12622</run_address>
         <size>0x64</size>
         <input_file_ref idref="fl-2"/>
      </object_component>
      <object_component id="oc-65e">
         <name>.text:__mpyll</name>
         <load_address>0x12686</load_address>
         <run_address>0x12686</run_address>
         <size>0x5c</size>
         <input_file_ref idref="fl-49"/>
      </object_component>
      <object_component id="oc-48d">
         <name>.text</name>
         <load_address>0x126e2</load_address>
         <run_address>0x126e2</run_address>
         <size>0x58</size>
         <input_file_ref idref="fl-2c"/>
      </object_component>
      <object_component id="oc-49e">
         <name>.text:BuzzerPitched</name>
         <load_address>0x1273a</load_address>
         <run_address>0x1273a</run_address>
         <size>0x54</size>
         <input_file_ref idref="fl-2"/>
      </object_component>
      <object_component id="oc-4f4">
         <name>.text:__TI_auto_init_nobinit_nopinit_hold_wdt:__TI_auto_init_nobinit_nopinit_hold_wdt</name>
         <load_address>0x1278e</load_address>
         <run_address>0x1278e</run_address>
         <size>0x54</size>
         <input_file_ref idref="fl-4b"/>
      </object_component>
      <object_component id="oc-3ea">
         <name>.text:Sharp96x96_SendToggleVCOMCommand</name>
         <load_address>0x127e2</load_address>
         <run_address>0x127e2</run_address>
         <size>0x52</size>
         <input_file_ref idref="fl-6"/>
      </object_component>
      <object_component id="oc-438">
         <name>.text:initButtons</name>
         <load_address>0x12834</load_address>
         <run_address>0x12834</run_address>
         <size>0x52</size>
         <input_file_ref idref="fl-2"/>
      </object_component>
      <object_component id="oc-6cb">
         <name>.text:Graphics_getNumberOfLeadingZeros</name>
         <load_address>0x12886</load_address>
         <run_address>0x12886</run_address>
         <size>0x4a</size>
         <input_file_ref idref="fl-13"/>
      </object_component>
      <object_component id="oc-44a">
         <name>.text:configDisplay</name>
         <load_address>0x128d0</load_address>
         <run_address>0x128d0</run_address>
         <size>0x48</size>
         <input_file_ref idref="fl-4"/>
      </object_component>
      <object_component id="oc-444">
         <name>.text:configKeypad</name>
         <load_address>0x12918</load_address>
         <run_address>0x12918</run_address>
         <size>0x48</size>
         <input_file_ref idref="fl-4"/>
      </object_component>
      <object_component id="oc-472">
         <name>.text:setLeds</name>
         <load_address>0x12960</load_address>
         <run_address>0x12960</run_address>
         <size>0x44</size>
         <input_file_ref idref="fl-4"/>
      </object_component>
      <object_component id="oc-492">
         <name>.text:printToDisplay</name>
         <load_address>0x129a4</load_address>
         <run_address>0x129a4</run_address>
         <size>0x42</size>
         <input_file_ref idref="fl-2"/>
      </object_component>
      <object_component id="oc-59a">
         <name>.text:__mspabi_srall</name>
         <load_address>0x129e6</load_address>
         <run_address>0x129e6</run_address>
         <size>0x40</size>
         <input_file_ref idref="fl-60"/>
      </object_component>
      <object_component id="oc-57a">
         <name>.text</name>
         <load_address>0x12a26</load_address>
         <run_address>0x12a26</run_address>
         <size>0x40</size>
         <input_file_ref idref="fl-2b"/>
      </object_component>
      <object_component id="oc-580">
         <name>.text:l_lsl_const</name>
         <load_address>0x12a66</load_address>
         <run_address>0x12a66</run_address>
         <size>0x3e</size>
         <input_file_ref idref="fl-5d"/>
      </object_component>
      <object_component id="oc-585">
         <name>.text:l_lsr_const</name>
         <load_address>0x12aa4</load_address>
         <run_address>0x12aa4</run_address>
         <size>0x3e</size>
         <input_file_ref idref="fl-5e"/>
      </object_component>
      <object_component id="oc-524">
         <name>.text:Graphics_initContext</name>
         <load_address>0x12ae2</load_address>
         <run_address>0x12ae2</run_address>
         <size>0x3c</size>
         <input_file_ref idref="fl-11"/>
      </object_component>
      <object_component id="oc-5a0">
         <name>.text:__mspabi_sllll</name>
         <load_address>0x12b1e</load_address>
         <run_address>0x12b1e</run_address>
         <size>0x3a</size>
         <input_file_ref idref="fl-61"/>
      </object_component>
      <object_component id="oc-668">
         <name>.text:__mspabi_srlll</name>
         <load_address>0x12b58</load_address>
         <run_address>0x12b58</run_address>
         <size>0x3a</size>
         <input_file_ref idref="fl-62"/>
      </object_component>
      <object_component id="oc-5aa">
         <name>.text:dontClearPrintToDisplay</name>
         <load_address>0x12b92</load_address>
         <run_address>0x12b92</run_address>
         <size>0x3a</size>
         <input_file_ref idref="fl-2"/>
      </object_component>
      <object_component id="oc-5b0">
         <name>.text:dontClearPrintToDisplayLower</name>
         <load_address>0x12bcc</load_address>
         <run_address>0x12bcc</run_address>
         <size>0x3a</size>
         <input_file_ref idref="fl-2"/>
      </object_component>
      <object_component id="oc-450">
         <name>.text:initclk</name>
         <load_address>0x12c06</load_address>
         <run_address>0x12c06</run_address>
         <size>0x3a</size>
         <input_file_ref idref="fl-2"/>
      </object_component>
      <object_component id="oc-610">
         <name>.text:Sharp96x96_ColorTranslate</name>
         <load_address>0x12c40</load_address>
         <run_address>0x12c40</run_address>
         <size>0x38</size>
         <input_file_ref idref="fl-6"/>
      </object_component>
      <object_component id="oc-6b6">
         <name>.text:reverse</name>
         <load_address>0x12c78</load_address>
         <run_address>0x12c78</run_address>
         <size>0x36</size>
         <input_file_ref idref="fl-6"/>
      </object_component>
      <object_component id="oc-663">
         <name>.text:__mpyull</name>
         <load_address>0x12cae</load_address>
         <run_address>0x12cae</run_address>
         <size>0x2c</size>
         <input_file_ref idref="fl-48"/>
      </object_component>
      <object_component id="oc-39e">
         <name>.text:decompress:ZI:__TI_zero_init</name>
         <load_address>0x12cda</load_address>
         <run_address>0x12cda</run_address>
         <size>0x24</size>
         <input_file_ref idref="fl-4c"/>
      </object_component>
      <object_component id="oc-6fa">
         <name>.text:Graphics_drawHorizontalLineOnDisplay</name>
         <load_address>0x12cfe</load_address>
         <run_address>0x12cfe</run_address>
         <size>0x1a</size>
         <input_file_ref idref="fl-12"/>
      </object_component>
      <object_component id="oc-530">
         <name>.text:Graphics_setBackgroundColor</name>
         <load_address>0x12d18</load_address>
         <run_address>0x12d18</run_address>
         <size>0x18</size>
         <input_file_ref idref="fl-11"/>
      </object_component>
      <object_component id="oc-52a">
         <name>.text:Graphics_setForegroundColor</name>
         <load_address>0x12d30</load_address>
         <run_address>0x12d30</run_address>
         <size>0x18</size>
         <input_file_ref idref="fl-11"/>
      </object_component>
      <object_component id="oc-698">
         <name>.text</name>
         <load_address>0x12d48</load_address>
         <run_address>0x12d48</run_address>
         <size>0x18</size>
         <input_file_ref idref="fl-44"/>
      </object_component>
      <object_component id="oc-432">
         <name>.text:memset</name>
         <load_address>0x12d60</load_address>
         <run_address>0x12d60</run_address>
         <size>0x16</size>
         <input_file_ref idref="fl-5c"/>
      </object_component>
      <object_component id="oc-43e">
         <name>.text:initLeds</name>
         <load_address>0x12d76</load_address>
         <run_address>0x12d76</run_address>
         <size>0x14</size>
         <input_file_ref idref="fl-2"/>
      </object_component>
      <object_component id="oc-37a">
         <name>.text:memcpy</name>
         <load_address>0x12d8a</load_address>
         <run_address>0x12d8a</run_address>
         <size>0x14</size>
         <input_file_ref idref="fl-5b"/>
      </object_component>
      <object_component id="oc-466">
         <name>.text:startTimer</name>
         <load_address>0x12d9e</load_address>
         <run_address>0x12d9e</run_address>
         <size>0x14</size>
         <input_file_ref idref="fl-2"/>
      </object_component>
      <object_component id="oc-73">
         <name>.text:decompress:none:__TI_decompress_none</name>
         <load_address>0x12db2</load_address>
         <run_address>0x12db2</run_address>
         <size>0x12</size>
         <input_file_ref idref="fl-51"/>
      </object_component>
      <object_component id="oc-487">
         <name>.text:Graphics_clearDisplay</name>
         <load_address>0x12dc4</load_address>
         <run_address>0x12dc4</run_address>
         <size>0x10</size>
         <input_file_ref idref="fl-11"/>
      </object_component>
      <object_component id="oc-569">
         <name>.text:Graphics_clearDisplayOnDisplay</name>
         <load_address>0x12dd4</load_address>
         <run_address>0x12dd4</run_address>
         <size>0xe</size>
         <input_file_ref idref="fl-12"/>
      </object_component>
      <object_component id="oc-6d7">
         <name>.text:Graphics_drawPixelOnDisplay</name>
         <load_address>0x12de2</load_address>
         <run_address>0x12de2</run_address>
         <size>0xe</size>
         <input_file_ref idref="fl-12"/>
      </object_component>
      <object_component id="oc-639">
         <name>.text:Graphics_flushOnDisplay</name>
         <load_address>0x12df0</load_address>
         <run_address>0x12df0</run_address>
         <size>0xe</size>
         <input_file_ref idref="fl-12"/>
      </object_component>
      <object_component id="oc-625">
         <name>.text:Graphics_translateColorOnDisplay</name>
         <load_address>0x12dfe</load_address>
         <run_address>0x12dfe</run_address>
         <size>0xe</size>
         <input_file_ref idref="fl-12"/>
      </object_component>
      <object_component id="oc-4c2">
         <name>.text:stopTimer</name>
         <load_address>0x12e0c</load_address>
         <run_address>0x12e0c</run_address>
         <size>0xc</size>
         <input_file_ref idref="fl-2"/>
      </object_component>
      <object_component id="oc-46c">
         <name>.text:BuzzerOff</name>
         <load_address>0x12e18</load_address>
         <run_address>0x12e18</run_address>
         <size>0xa</size>
         <input_file_ref idref="fl-4"/>
      </object_component>
      <object_component id="oc-53f">
         <name>.text:Graphics_flushBuffer</name>
         <load_address>0x12e22</load_address>
         <run_address>0x12e22</run_address>
         <size>0xa</size>
         <input_file_ref idref="fl-11"/>
      </object_component>
      <object_component id="oc-6a6">
         <name>.text</name>
         <load_address>0x12e2c</load_address>
         <run_address>0x12e2c</run_address>
         <size>0xa</size>
         <input_file_ref idref="fl-2a"/>
      </object_component>
      <object_component id="oc-6ae">
         <name>.text</name>
         <load_address>0x12e36</load_address>
         <run_address>0x12e36</run_address>
         <size>0xa</size>
         <input_file_ref idref="fl-42"/>
      </object_component>
      <object_component id="oc-539">
         <name>.text:Graphics_setFont</name>
         <load_address>0x12e40</load_address>
         <run_address>0x12e40</run_address>
         <size>0x6</size>
         <input_file_ref idref="fl-11"/>
      </object_component>
      <object_component id="oc-4aa">
         <name>.text:__mspabi_fltud</name>
         <load_address>0x12e46</load_address>
         <run_address>0x12e46</run_address>
         <size>0x6</size>
         <input_file_ref idref="fl-55"/>
      </object_component>
      <object_component id="oc-4d0">
         <name>.text:abort</name>
         <load_address>0x12e4c</load_address>
         <run_address>0x12e4c</run_address>
         <size>0x6</size>
         <input_file_ref idref="fl-58"/>
      </object_component>
      <object_component id="oc-3f9">
         <name>.text:_system_pre_init</name>
         <load_address>0x12e52</load_address>
         <run_address>0x12e52</run_address>
         <size>0x4</size>
         <input_file_ref idref="fl-4f"/>
      </object_component>
      <object_component id="oc-5cb">
         <name>.text:_system_post_cinit</name>
         <load_address>0x12e56</load_address>
         <run_address>0x12e56</run_address>
         <size>0x2</size>
         <input_file_ref idref="fl-50"/>
      </object_component>
      <object_component id="oc-3aa">
         <name>.text:_isr:_c_int00_noargs</name>
         <load_address>0x4400</load_address>
         <run_address>0x4400</run_address>
         <size>0x1c</size>
         <input_file_ref idref="fl-4a"/>
      </object_component>
      <object_component id="oc-392">
         <name>.text:_isr:TIMER1_A0_ISR</name>
         <load_address>0x441c</load_address>
         <run_address>0x441c</run_address>
         <size>0xa</size>
         <input_file_ref idref="fl-4"/>
      </object_component>
      <object_component id="oc-38c">
         <name>.text:_isr:Timer_A2_ISR</name>
         <load_address>0x4426</load_address>
         <run_address>0x4426</run_address>
         <size>0xa</size>
         <input_file_ref idref="fl-3"/>
      </object_component>
      <object_component id="oc-387">
         <name>.text:_isr:__TI_ISR_TRAP</name>
         <load_address>0x4430</load_address>
         <run_address>0x4430</run_address>
         <size>0x8</size>
         <input_file_ref idref="fl-41"/>
      </object_component>
      <object_component id="oc-777">
         <name>__TI_handler_table</name>
         <load_address>0x4bec</load_address>
         <run_address>0x4bec</run_address>
         <size>0xc</size>
      </object_component>
      <object_component id="oc-77a">
         <name>.cinit..data.load</name>
         <load_address>0x4bf8</load_address>
         <run_address>0x4bf8</run_address>
         <size>0x9</size>
      </object_component>
      <object_component id="oc-779">
         <name>.cinit..bss.load</name>
         <load_address>0x4c02</load_address>
         <run_address>0x4c02</run_address>
         <size>0x6</size>
      </object_component>
      <object_component id="oc-778">
         <name>__TI_cinit_table</name>
         <load_address>0x4c08</load_address>
         <run_address>0x4c08</run_address>
         <size>0x10</size>
      </object_component>
      <object_component id="oc-632">
         <name>.const:.string:g_pucFontFixed6x8Data</name>
         <load_address>0x4438</load_address>
         <run_address>0x4438</run_address>
         <size>0x2f8</size>
         <input_file_ref idref="fl-7"/>
      </object_component>
      <object_component id="oc-554">
         <name>.const:.string</name>
         <load_address>0x4730</load_address>
         <run_address>0x4730</run_address>
         <size>0x212</size>
         <input_file_ref idref="fl-2"/>
      </object_component>
      <object_component id="oc-459">
         <name>.const:$P$T1$2</name>
         <load_address>0x4942</load_address>
         <run_address>0x4942</run_address>
         <size>0xe0</size>
         <input_file_ref idref="fl-3"/>
      </object_component>
      <object_component id="oc-536">
         <name>.const:g_sFontFixed6x8</name>
         <load_address>0x4a22</load_address>
         <run_address>0x4a22</run_address>
         <size>0xc8</size>
         <input_file_ref idref="fl-7"/>
      </object_component>
      <object_component id="oc-456">
         <name>.const:$P$T0$1</name>
         <load_address>0x4aea</load_address>
         <run_address>0x4aea</run_address>
         <size>0x38</size>
         <input_file_ref idref="fl-3"/>
      </object_component>
      <object_component id="oc-45c">
         <name>.const:$P$T2$3</name>
         <load_address>0x4b22</load_address>
         <run_address>0x4b22</run_address>
         <size>0x38</size>
         <input_file_ref idref="fl-3"/>
      </object_component>
      <object_component id="oc-45f">
         <name>.const:$P$T3$4</name>
         <load_address>0x4b5a</load_address>
         <run_address>0x4b5a</run_address>
         <size>0x38</size>
         <input_file_ref idref="fl-3"/>
      </object_component>
      <object_component id="oc-521">
         <name>.const:g_sharp96x96LCD</name>
         <load_address>0x4b92</load_address>
         <run_address>0x4b92</run_address>
         <size>0x2c</size>
         <input_file_ref idref="fl-6"/>
      </object_component>
      <object_component id="oc-462">
         <name>.const:.string</name>
         <load_address>0x4bbe</load_address>
         <run_address>0x4bbe</run_address>
         <size>0x16</size>
         <input_file_ref idref="fl-3"/>
      </object_component>
      <object_component id="oc-6f4">
         <name>.const:.string:referse_data</name>
         <load_address>0x4bd4</load_address>
         <run_address>0x4bd4</run_address>
         <size>0x10</size>
         <input_file_ref idref="fl-6"/>
      </object_component>
      <object_component id="oc-463">
         <name>.const:$P$T4$5</name>
         <load_address>0x4be4</load_address>
         <run_address>0x4be4</run_address>
         <size>0x8</size>
         <input_file_ref idref="fl-3"/>
      </object_component>
      <object_component id="oc-709">
         <name>.binit</name>
         <load_address>0x4400</load_address>
         <run_address>0x4400</run_address>
         <size>0x0</size>
      </object_component>
      <object_component id="oc-79">
         <name>.int41</name>
         <load_address>0xffd2</load_address>
         <run_address>0xffd2</run_address>
         <size>0x2</size>
         <input_file_ref idref="fl-2d"/>
      </object_component>
      <object_component id="oc-7a">
         <name>.int42</name>
         <load_address>0xffd4</load_address>
         <run_address>0xffd4</run_address>
         <size>0x2</size>
         <input_file_ref idref="fl-2e"/>
      </object_component>
      <object_component id="oc-7b">
         <name>.int43</name>
         <load_address>0xffd6</load_address>
         <run_address>0xffd6</run_address>
         <size>0x2</size>
         <input_file_ref idref="fl-2f"/>
      </object_component>
      <object_component id="oc-7c">
         <name>.int44</name>
         <load_address>0xffd8</load_address>
         <run_address>0xffd8</run_address>
         <size>0x2</size>
         <input_file_ref idref="fl-3"/>
      </object_component>
      <object_component id="oc-7d">
         <name>.int45</name>
         <load_address>0xffda</load_address>
         <run_address>0xffda</run_address>
         <size>0x2</size>
         <input_file_ref idref="fl-30"/>
      </object_component>
      <object_component id="oc-7e">
         <name>.int46</name>
         <load_address>0xffdc</load_address>
         <run_address>0xffdc</run_address>
         <size>0x2</size>
         <input_file_ref idref="fl-31"/>
      </object_component>
      <object_component id="oc-7f">
         <name>.int47</name>
         <load_address>0xffde</load_address>
         <run_address>0xffde</run_address>
         <size>0x2</size>
         <input_file_ref idref="fl-32"/>
      </object_component>
      <object_component id="oc-80">
         <name>.int48</name>
         <load_address>0xffe0</load_address>
         <run_address>0xffe0</run_address>
         <size>0x2</size>
         <input_file_ref idref="fl-33"/>
      </object_component>
      <object_component id="oc-81">
         <name>.int49</name>
         <load_address>0xffe2</load_address>
         <run_address>0xffe2</run_address>
         <size>0x2</size>
         <input_file_ref idref="fl-4"/>
      </object_component>
      <object_component id="oc-82">
         <name>.int50</name>
         <load_address>0xffe4</load_address>
         <run_address>0xffe4</run_address>
         <size>0x2</size>
         <input_file_ref idref="fl-34"/>
      </object_component>
      <object_component id="oc-83">
         <name>.int51</name>
         <load_address>0xffe6</load_address>
         <run_address>0xffe6</run_address>
         <size>0x2</size>
         <input_file_ref idref="fl-35"/>
      </object_component>
      <object_component id="oc-84">
         <name>.int52</name>
         <load_address>0xffe8</load_address>
         <run_address>0xffe8</run_address>
         <size>0x2</size>
         <input_file_ref idref="fl-36"/>
      </object_component>
      <object_component id="oc-85">
         <name>.int53</name>
         <load_address>0xffea</load_address>
         <run_address>0xffea</run_address>
         <size>0x2</size>
         <input_file_ref idref="fl-37"/>
      </object_component>
      <object_component id="oc-86">
         <name>.int54</name>
         <load_address>0xffec</load_address>
         <run_address>0xffec</run_address>
         <size>0x2</size>
         <input_file_ref idref="fl-38"/>
      </object_component>
      <object_component id="oc-87">
         <name>.int55</name>
         <load_address>0xffee</load_address>
         <run_address>0xffee</run_address>
         <size>0x2</size>
         <input_file_ref idref="fl-39"/>
      </object_component>
      <object_component id="oc-88">
         <name>.int56</name>
         <load_address>0xfff0</load_address>
         <run_address>0xfff0</run_address>
         <size>0x2</size>
         <input_file_ref idref="fl-3a"/>
      </object_component>
      <object_component id="oc-89">
         <name>.int57</name>
         <load_address>0xfff2</load_address>
         <run_address>0xfff2</run_address>
         <size>0x2</size>
         <input_file_ref idref="fl-3b"/>
      </object_component>
      <object_component id="oc-8a">
         <name>.int58</name>
         <load_address>0xfff4</load_address>
         <run_address>0xfff4</run_address>
         <size>0x2</size>
         <input_file_ref idref="fl-3c"/>
      </object_component>
      <object_component id="oc-8b">
         <name>.int59</name>
         <load_address>0xfff6</load_address>
         <run_address>0xfff6</run_address>
         <size>0x2</size>
         <input_file_ref idref="fl-3d"/>
      </object_component>
      <object_component id="oc-8c">
         <name>.int60</name>
         <load_address>0xfff8</load_address>
         <run_address>0xfff8</run_address>
         <size>0x2</size>
         <input_file_ref idref="fl-3e"/>
      </object_component>
      <object_component id="oc-8d">
         <name>.int61</name>
         <load_address>0xfffa</load_address>
         <run_address>0xfffa</run_address>
         <size>0x2</size>
         <input_file_ref idref="fl-3f"/>
      </object_component>
      <object_component id="oc-8e">
         <name>.int62</name>
         <load_address>0xfffc</load_address>
         <run_address>0xfffc</run_address>
         <size>0x2</size>
         <input_file_ref idref="fl-40"/>
      </object_component>
      <object_component id="oc-36e">
         <name>.reset</name>
         <load_address>0xfffe</load_address>
         <run_address>0xfffe</run_address>
         <size>0x2</size>
         <input_file_ref idref="fl-4a"/>
      </object_component>
      <object_component id="oc-573">
         <name>.debug_info</name>
         <load_address>0x0</load_address>
         <run_address>0x0</run_address>
         <size>0x7b7</size>
         <input_file_ref idref="fl-2"/>
      </object_component>
      <object_component id="oc-494">
         <name>.debug_info</name>
         <load_address>0x7b7</load_address>
         <run_address>0x7b7</run_address>
         <size>0x1c6</size>
         <input_file_ref idref="fl-2"/>
      </object_component>
      <object_component id="oc-43a">
         <name>.debug_info</name>
         <load_address>0x97d</load_address>
         <run_address>0x97d</run_address>
         <size>0x138</size>
         <input_file_ref idref="fl-2"/>
      </object_component>
      <object_component id="oc-43f">
         <name>.debug_info</name>
         <load_address>0xab5</load_address>
         <run_address>0xab5</run_address>
         <size>0x132</size>
         <input_file_ref idref="fl-2"/>
      </object_component>
      <object_component id="oc-451">
         <name>.debug_info</name>
         <load_address>0xbe7</load_address>
         <run_address>0xbe7</run_address>
         <size>0x130</size>
         <input_file_ref idref="fl-2"/>
      </object_component>
      <object_component id="oc-49f">
         <name>.debug_info</name>
         <load_address>0xd17</load_address>
         <run_address>0xd17</run_address>
         <size>0x178</size>
         <input_file_ref idref="fl-2"/>
      </object_component>
      <object_component id="oc-499">
         <name>.debug_info</name>
         <load_address>0xe8f</load_address>
         <run_address>0xe8f</run_address>
         <size>0x1c2</size>
         <input_file_ref idref="fl-2"/>
      </object_component>
      <object_component id="oc-467">
         <name>.debug_info</name>
         <load_address>0x1051</load_address>
         <run_address>0x1051</run_address>
         <size>0x136</size>
         <input_file_ref idref="fl-2"/>
      </object_component>
      <object_component id="oc-4c3">
         <name>.debug_info</name>
         <load_address>0x1187</load_address>
         <run_address>0x1187</run_address>
         <size>0x134</size>
         <input_file_ref idref="fl-2"/>
      </object_component>
      <object_component id="oc-479">
         <name>.debug_info</name>
         <load_address>0x12bb</load_address>
         <run_address>0x12bb</run_address>
         <size>0x1e3</size>
         <input_file_ref idref="fl-2"/>
      </object_component>
      <object_component id="oc-5ab">
         <name>.debug_info</name>
         <load_address>0x149e</load_address>
         <run_address>0x149e</run_address>
         <size>0x1bc</size>
         <input_file_ref idref="fl-2"/>
      </object_component>
      <object_component id="oc-5b1">
         <name>.debug_info</name>
         <load_address>0x165a</load_address>
         <run_address>0x165a</run_address>
         <size>0x1c6</size>
         <input_file_ref idref="fl-2"/>
      </object_component>
      <object_component id="oc-4c9">
         <name>.debug_info</name>
         <load_address>0x1820</load_address>
         <run_address>0x1820</run_address>
         <size>0x8be</size>
         <input_file_ref idref="fl-2"/>
      </object_component>
      <object_component id="oc-564">
         <name>.debug_info</name>
         <load_address>0x20de</load_address>
         <run_address>0x20de</run_address>
         <size>0x26b</size>
         <input_file_ref idref="fl-2"/>
      </object_component>
      <object_component id="oc-55f">
         <name>.debug_info</name>
         <load_address>0x2349</load_address>
         <run_address>0x2349</run_address>
         <size>0x40a</size>
         <input_file_ref idref="fl-2"/>
      </object_component>
      <object_component id="oc-575">
         <name>.debug_info</name>
         <load_address>0x2753</load_address>
         <run_address>0x2753</run_address>
         <size>0x8b</size>
         <input_file_ref idref="fl-2"/>
      </object_component>
      <object_component id="oc-511">
         <name>.debug_info</name>
         <load_address>0x27de</load_address>
         <run_address>0x27de</run_address>
         <size>0x282</size>
         <input_file_ref idref="fl-2"/>
      </object_component>
      <object_component id="oc-42a">
         <name>.debug_info</name>
         <load_address>0x2a60</load_address>
         <run_address>0x2a60</run_address>
         <size>0xbb</size>
         <input_file_ref idref="fl-2"/>
      </object_component>
      <object_component id="oc-4cf">
         <name>.debug_info</name>
         <load_address>0x2b1b</load_address>
         <run_address>0x2b1b</run_address>
         <size>0x587</size>
         <input_file_ref idref="fl-3"/>
      </object_component>
      <object_component id="oc-3e7">
         <name>.debug_info</name>
         <load_address>0x30a2</load_address>
         <run_address>0x30a2</run_address>
         <size>0xd5</size>
         <input_file_ref idref="fl-3"/>
      </object_component>
      <object_component id="oc-457">
         <name>.debug_info</name>
         <load_address>0x3177</load_address>
         <run_address>0x3177</run_address>
         <size>0xd8</size>
         <input_file_ref idref="fl-3"/>
      </object_component>
      <object_component id="oc-45a">
         <name>.debug_info</name>
         <load_address>0x324f</load_address>
         <run_address>0x324f</run_address>
         <size>0xd8</size>
         <input_file_ref idref="fl-3"/>
      </object_component>
      <object_component id="oc-45d">
         <name>.debug_info</name>
         <load_address>0x3327</load_address>
         <run_address>0x3327</run_address>
         <size>0xd8</size>
         <input_file_ref idref="fl-3"/>
      </object_component>
      <object_component id="oc-460">
         <name>.debug_info</name>
         <load_address>0x33ff</load_address>
         <run_address>0x33ff</run_address>
         <size>0xd8</size>
         <input_file_ref idref="fl-3"/>
      </object_component>
      <object_component id="oc-464">
         <name>.debug_info</name>
         <load_address>0x34d7</load_address>
         <run_address>0x34d7</run_address>
         <size>0xd8</size>
         <input_file_ref idref="fl-3"/>
      </object_component>
      <object_component id="oc-38f">
         <name>.debug_info</name>
         <load_address>0x35af</load_address>
         <run_address>0x35af</run_address>
         <size>0x10e</size>
         <input_file_ref idref="fl-3"/>
      </object_component>
      <object_component id="oc-400">
         <name>.debug_info</name>
         <load_address>0x36bd</load_address>
         <run_address>0x36bd</run_address>
         <size>0x5d1</size>
         <input_file_ref idref="fl-3"/>
      </object_component>
      <object_component id="oc-375">
         <name>.debug_info</name>
         <load_address>0x3c8e</load_address>
         <run_address>0x3c8e</run_address>
         <size>0x84</size>
         <input_file_ref idref="fl-3"/>
      </object_component>
      <object_component id="oc-485">
         <name>.debug_info</name>
         <load_address>0x3d12</load_address>
         <run_address>0x3d12</run_address>
         <size>0x6ec</size>
         <input_file_ref idref="fl-4"/>
      </object_component>
      <object_component id="oc-474">
         <name>.debug_info</name>
         <load_address>0x43fe</load_address>
         <run_address>0x43fe</run_address>
         <size>0x151</size>
         <input_file_ref idref="fl-4"/>
      </object_component>
      <object_component id="oc-46f">
         <name>.debug_info</name>
         <load_address>0x454f</load_address>
         <run_address>0x454f</run_address>
         <size>0x11c</size>
         <input_file_ref idref="fl-4"/>
      </object_component>
      <object_component id="oc-447">
         <name>.debug_info</name>
         <load_address>0x466b</load_address>
         <run_address>0x466b</run_address>
         <size>0x122</size>
         <input_file_ref idref="fl-4"/>
      </object_component>
      <object_component id="oc-480">
         <name>.debug_info</name>
         <load_address>0x478d</load_address>
         <run_address>0x478d</run_address>
         <size>0x132</size>
         <input_file_ref idref="fl-4"/>
      </object_component>
      <object_component id="oc-44d">
         <name>.debug_info</name>
         <load_address>0x48bf</load_address>
         <run_address>0x48bf</run_address>
         <size>0x1e7</size>
         <input_file_ref idref="fl-4"/>
      </object_component>
      <object_component id="oc-394">
         <name>.debug_info</name>
         <load_address>0x4aa6</load_address>
         <run_address>0x4aa6</run_address>
         <size>0x14c</size>
         <input_file_ref idref="fl-4"/>
      </object_component>
      <object_component id="oc-51c">
         <name>.debug_info</name>
         <load_address>0x4bf2</load_address>
         <run_address>0x4bf2</run_address>
         <size>0x182</size>
         <input_file_ref idref="fl-5"/>
      </object_component>
      <object_component id="oc-5f0">
         <name>.debug_info</name>
         <load_address>0x4d74</load_address>
         <run_address>0x4d74</run_address>
         <size>0x3a0</size>
         <input_file_ref idref="fl-6"/>
      </object_component>
      <object_component id="oc-427">
         <name>.debug_info</name>
         <load_address>0x5114</load_address>
         <run_address>0x5114</run_address>
         <size>0x12c</size>
         <input_file_ref idref="fl-6"/>
      </object_component>
      <object_component id="oc-6f5">
         <name>.debug_info</name>
         <load_address>0x5240</load_address>
         <run_address>0x5240</run_address>
         <size>0xf3</size>
         <input_file_ref idref="fl-6"/>
      </object_component>
      <object_component id="oc-522">
         <name>.debug_info</name>
         <load_address>0x5333</load_address>
         <run_address>0x5333</run_address>
         <size>0xfa</size>
         <input_file_ref idref="fl-6"/>
      </object_component>
      <object_component id="oc-6b7">
         <name>.debug_info</name>
         <load_address>0x542d</load_address>
         <run_address>0x542d</run_address>
         <size>0x15a</size>
         <input_file_ref idref="fl-6"/>
      </object_component>
      <object_component id="oc-5f3">
         <name>.debug_info</name>
         <load_address>0x5587</load_address>
         <run_address>0x5587</run_address>
         <size>0x25b</size>
         <input_file_ref idref="fl-6"/>
      </object_component>
      <object_component id="oc-5f9">
         <name>.debug_info</name>
         <load_address>0x57e2</load_address>
         <run_address>0x57e2</run_address>
         <size>0x296</size>
         <input_file_ref idref="fl-6"/>
      </object_component>
      <object_component id="oc-605">
         <name>.debug_info</name>
         <load_address>0x5a78</load_address>
         <run_address>0x5a78</run_address>
         <size>0x317</size>
         <input_file_ref idref="fl-6"/>
      </object_component>
      <object_component id="oc-601">
         <name>.debug_info</name>
         <load_address>0x5d8f</load_address>
         <run_address>0x5d8f</run_address>
         <size>0x297</size>
         <input_file_ref idref="fl-6"/>
      </object_component>
      <object_component id="oc-60d">
         <name>.debug_info</name>
         <load_address>0x6026</load_address>
         <run_address>0x6026</run_address>
         <size>0x312</size>
         <input_file_ref idref="fl-6"/>
      </object_component>
      <object_component id="oc-611">
         <name>.debug_info</name>
         <load_address>0x6338</load_address>
         <run_address>0x6338</run_address>
         <size>0x1d8</size>
         <input_file_ref idref="fl-6"/>
      </object_component>
      <object_component id="oc-617">
         <name>.debug_info</name>
         <load_address>0x6510</load_address>
         <run_address>0x6510</run_address>
         <size>0x1e9</size>
         <input_file_ref idref="fl-6"/>
      </object_component>
      <object_component id="oc-61d">
         <name>.debug_info</name>
         <load_address>0x66f9</load_address>
         <run_address>0x66f9</run_address>
         <size>0x234</size>
         <input_file_ref idref="fl-6"/>
      </object_component>
      <object_component id="oc-3ed">
         <name>.debug_info</name>
         <load_address>0x692d</load_address>
         <run_address>0x692d</run_address>
         <size>0x18e</size>
         <input_file_ref idref="fl-6"/>
      </object_component>
      <object_component id="oc-6c0">
         <name>.debug_info</name>
         <load_address>0x6abb</load_address>
         <run_address>0x6abb</run_address>
         <size>0x211</size>
         <input_file_ref idref="fl-6"/>
      </object_component>
      <object_component id="oc-637">
         <name>.debug_info</name>
         <load_address>0x6ccc</load_address>
         <run_address>0x6ccc</run_address>
         <size>0x244</size>
         <input_file_ref idref="fl-7"/>
      </object_component>
      <object_component id="oc-633">
         <name>.debug_info</name>
         <load_address>0x6f10</load_address>
         <run_address>0x6f10</run_address>
         <size>0x102</size>
         <input_file_ref idref="fl-7"/>
      </object_component>
      <object_component id="oc-537">
         <name>.debug_info</name>
         <load_address>0x7012</load_address>
         <run_address>0x7012</run_address>
         <size>0xf7</size>
         <input_file_ref idref="fl-7"/>
      </object_component>
      <object_component id="oc-570">
         <name>.debug_info</name>
         <load_address>0x7109</load_address>
         <run_address>0x7109</run_address>
         <size>0x3d4</size>
         <input_file_ref idref="fl-11"/>
      </object_component>
      <object_component id="oc-525">
         <name>.debug_info</name>
         <load_address>0x74dd</load_address>
         <run_address>0x74dd</run_address>
         <size>0x172</size>
         <input_file_ref idref="fl-11"/>
      </object_component>
      <object_component id="oc-531">
         <name>.debug_info</name>
         <load_address>0x764f</load_address>
         <run_address>0x764f</run_address>
         <size>0x19e</size>
         <input_file_ref idref="fl-11"/>
      </object_component>
      <object_component id="oc-53a">
         <name>.debug_info</name>
         <load_address>0x77ed</load_address>
         <run_address>0x77ed</run_address>
         <size>0x150</size>
         <input_file_ref idref="fl-11"/>
      </object_component>
      <object_component id="oc-52b">
         <name>.debug_info</name>
         <load_address>0x793d</load_address>
         <run_address>0x793d</run_address>
         <size>0x191</size>
         <input_file_ref idref="fl-11"/>
      </object_component>
      <object_component id="oc-540">
         <name>.debug_info</name>
         <load_address>0x7ace</load_address>
         <run_address>0x7ace</run_address>
         <size>0x165</size>
         <input_file_ref idref="fl-11"/>
      </object_component>
      <object_component id="oc-488">
         <name>.debug_info</name>
         <load_address>0x7c33</load_address>
         <run_address>0x7c33</run_address>
         <size>0x16e</size>
         <input_file_ref idref="fl-11"/>
      </object_component>
      <object_component id="oc-652">
         <name>.debug_info</name>
         <load_address>0x7da1</load_address>
         <run_address>0x7da1</run_address>
         <size>0x40a</size>
         <input_file_ref idref="fl-11"/>
      </object_component>
      <object_component id="oc-62c">
         <name>.debug_info</name>
         <load_address>0x81ab</load_address>
         <run_address>0x81ab</run_address>
         <size>0x18b</size>
         <input_file_ref idref="fl-11"/>
      </object_component>
      <object_component id="oc-64f">
         <name>.debug_info</name>
         <load_address>0x8336</load_address>
         <run_address>0x8336</run_address>
         <size>0x26f</size>
         <input_file_ref idref="fl-12"/>
      </object_component>
      <object_component id="oc-6db">
         <name>.debug_info</name>
         <load_address>0x85a5</load_address>
         <run_address>0x85a5</run_address>
         <size>0x182</size>
         <input_file_ref idref="fl-12"/>
      </object_component>
      <object_component id="oc-6fe">
         <name>.debug_info</name>
         <load_address>0x8727</load_address>
         <run_address>0x8727</run_address>
         <size>0x1bc</size>
         <input_file_ref idref="fl-12"/>
      </object_component>
      <object_component id="oc-629">
         <name>.debug_info</name>
         <load_address>0x88e3</load_address>
         <run_address>0x88e3</run_address>
         <size>0x17f</size>
         <input_file_ref idref="fl-12"/>
      </object_component>
      <object_component id="oc-63d">
         <name>.debug_info</name>
         <load_address>0x8a62</load_address>
         <run_address>0x8a62</run_address>
         <size>0x151</size>
         <input_file_ref idref="fl-12"/>
      </object_component>
      <object_component id="oc-56d">
         <name>.debug_info</name>
         <load_address>0x8bb3</load_address>
         <run_address>0x8bb3</run_address>
         <size>0x172</size>
         <input_file_ref idref="fl-12"/>
      </object_component>
      <object_component id="oc-64d">
         <name>.debug_info</name>
         <load_address>0x8d25</load_address>
         <run_address>0x8d25</run_address>
         <size>0x338</size>
         <input_file_ref idref="fl-13"/>
      </object_component>
      <object_component id="oc-6cf">
         <name>.debug_info</name>
         <load_address>0x905d</load_address>
         <run_address>0x905d</run_address>
         <size>0x176</size>
         <input_file_ref idref="fl-13"/>
      </object_component>
      <object_component id="oc-642">
         <name>.debug_info</name>
         <load_address>0x91d3</load_address>
         <run_address>0x91d3</run_address>
         <size>0x231</size>
         <input_file_ref idref="fl-13"/>
      </object_component>
      <object_component id="oc-649">
         <name>.debug_info</name>
         <load_address>0x9404</load_address>
         <run_address>0x9404</run_address>
         <size>0x42e</size>
         <input_file_ref idref="fl-13"/>
      </object_component>
      <object_component id="oc-557">
         <name>.debug_info</name>
         <load_address>0x9832</load_address>
         <run_address>0x9832</run_address>
         <size>0x25d</size>
         <input_file_ref idref="fl-13"/>
      </object_component>
      <object_component id="oc-701">
         <name>.debug_info</name>
         <load_address>0x9a8f</load_address>
         <run_address>0x9a8f</run_address>
         <size>0x3b4</size>
         <input_file_ref idref="fl-14"/>
      </object_component>
      <object_component id="oc-6d2">
         <name>.debug_info</name>
         <load_address>0x9e43</load_address>
         <run_address>0x9e43</run_address>
         <size>0x1db</size>
         <input_file_ref idref="fl-14"/>
      </object_component>
      <object_component id="oc-6a7">
         <name>.debug_info</name>
         <load_address>0xa01e</load_address>
         <run_address>0xa01e</run_address>
         <size>0x120</size>
         <input_file_ref idref="fl-2a"/>
      </object_component>
      <object_component id="oc-57d">
         <name>.debug_info</name>
         <load_address>0xa13e</load_address>
         <run_address>0xa13e</run_address>
         <size>0x138</size>
         <input_file_ref idref="fl-2b"/>
      </object_component>
      <object_component id="oc-490">
         <name>.debug_info</name>
         <load_address>0xa276</load_address>
         <run_address>0xa276</run_address>
         <size>0x123</size>
         <input_file_ref idref="fl-2c"/>
      </object_component>
      <object_component id="oc-38a">
         <name>.debug_info</name>
         <load_address>0xa399</load_address>
         <run_address>0xa399</run_address>
         <size>0x10f</size>
         <input_file_ref idref="fl-41"/>
      </object_component>
      <object_component id="oc-6af">
         <name>.debug_info</name>
         <load_address>0xa4a8</load_address>
         <run_address>0xa4a8</run_address>
         <size>0x120</size>
         <input_file_ref idref="fl-42"/>
      </object_component>
      <object_component id="oc-69a">
         <name>.debug_info</name>
         <load_address>0xa5c8</load_address>
         <run_address>0xa5c8</run_address>
         <size>0x130</size>
         <input_file_ref idref="fl-44"/>
      </object_component>
      <object_component id="oc-666">
         <name>.debug_info</name>
         <load_address>0xa6f8</load_address>
         <run_address>0xa6f8</run_address>
         <size>0x136</size>
         <input_file_ref idref="fl-48"/>
      </object_component>
      <object_component id="oc-661">
         <name>.debug_info</name>
         <load_address>0xa82e</load_address>
         <run_address>0xa82e</run_address>
         <size>0x132</size>
         <input_file_ref idref="fl-49"/>
      </object_component>
      <object_component id="oc-36c">
         <name>.debug_info</name>
         <load_address>0xa960</load_address>
         <run_address>0xa960</run_address>
         <size>0x100</size>
         <input_file_ref idref="fl-4a"/>
      </object_component>
      <object_component id="oc-3ae">
         <name>.debug_info</name>
         <load_address>0xaa60</load_address>
         <run_address>0xaa60</run_address>
         <size>0x17a</size>
         <input_file_ref idref="fl-4a"/>
      </object_component>
      <object_component id="oc-5d2">
         <name>.debug_info</name>
         <load_address>0xabda</load_address>
         <run_address>0xabda</run_address>
         <size>0x3fc</size>
         <input_file_ref idref="fl-4b"/>
      </object_component>
      <object_component id="oc-4f5">
         <name>.debug_info</name>
         <load_address>0xafd6</load_address>
         <run_address>0xafd6</run_address>
         <size>0x230</size>
         <input_file_ref idref="fl-4b"/>
      </object_component>
      <object_component id="oc-68e">
         <name>.debug_info</name>
         <load_address>0xb206</load_address>
         <run_address>0xb206</run_address>
         <size>0x39</size>
         <input_file_ref idref="fl-4b"/>
      </object_component>
      <object_component id="oc-69f">
         <name>.debug_info</name>
         <load_address>0xb23f</load_address>
         <run_address>0xb23f</run_address>
         <size>0x2c</size>
         <input_file_ref idref="fl-4b"/>
      </object_component>
      <object_component id="oc-5dd">
         <name>.debug_info</name>
         <load_address>0xb26b</load_address>
         <run_address>0xb26b</run_address>
         <size>0x2c</size>
         <input_file_ref idref="fl-4b"/>
      </object_component>
      <object_component id="oc-693">
         <name>.debug_info</name>
         <load_address>0xb297</load_address>
         <run_address>0xb297</run_address>
         <size>0xcd</size>
         <input_file_ref idref="fl-4b"/>
      </object_component>
      <object_component id="oc-3f7">
         <name>.debug_info</name>
         <load_address>0xb364</load_address>
         <run_address>0xb364</run_address>
         <size>0x17f</size>
         <input_file_ref idref="fl-4c"/>
      </object_component>
      <object_component id="oc-3a0">
         <name>.debug_info</name>
         <load_address>0xb4e3</load_address>
         <run_address>0xb4e3</run_address>
         <size>0x1c5</size>
         <input_file_ref idref="fl-4c"/>
      </object_component>
      <object_component id="oc-3f2">
         <name>.debug_info</name>
         <load_address>0xb6a8</load_address>
         <run_address>0xb6a8</run_address>
         <size>0x46</size>
         <input_file_ref idref="fl-4c"/>
      </object_component>
      <object_component id="oc-3de">
         <name>.debug_info</name>
         <load_address>0xb6ee</load_address>
         <run_address>0xb6ee</run_address>
         <size>0x2c</size>
         <input_file_ref idref="fl-4d"/>
      </object_component>
      <object_component id="oc-3fc">
         <name>.debug_info</name>
         <load_address>0xb71a</load_address>
         <run_address>0xb71a</run_address>
         <size>0x153</size>
         <input_file_ref idref="fl-4f"/>
      </object_component>
      <object_component id="oc-5ce">
         <name>.debug_info</name>
         <load_address>0xb86d</load_address>
         <run_address>0xb86d</run_address>
         <size>0x150</size>
         <input_file_ref idref="fl-50"/>
      </object_component>
      <object_component id="oc-386">
         <name>.debug_info</name>
         <load_address>0xb9bd</load_address>
         <run_address>0xb9bd</run_address>
         <size>0x18f</size>
         <input_file_ref idref="fl-51"/>
      </object_component>
      <object_component id="oc-76">
         <name>.debug_info</name>
         <load_address>0xbb4c</load_address>
         <run_address>0xbb4c</run_address>
         <size>0x1d3</size>
         <input_file_ref idref="fl-51"/>
      </object_component>
      <object_component id="oc-381">
         <name>.debug_info</name>
         <load_address>0xbd1f</load_address>
         <run_address>0xbd1f</run_address>
         <size>0x46</size>
         <input_file_ref idref="fl-51"/>
      </object_component>
      <object_component id="oc-3db">
         <name>.debug_info</name>
         <load_address>0xbd65</load_address>
         <run_address>0xbd65</run_address>
         <size>0x17b</size>
         <input_file_ref idref="fl-52"/>
      </object_component>
      <object_component id="oc-6e">
         <name>.debug_info</name>
         <load_address>0xbee0</load_address>
         <run_address>0xbee0</run_address>
         <size>0x250</size>
         <input_file_ref idref="fl-52"/>
      </object_component>
      <object_component id="oc-370">
         <name>.debug_info</name>
         <load_address>0xc130</load_address>
         <run_address>0xc130</run_address>
         <size>0x60</size>
         <input_file_ref idref="fl-52"/>
      </object_component>
      <object_component id="oc-41b">
         <name>.debug_info</name>
         <load_address>0xc190</load_address>
         <run_address>0xc190</run_address>
         <size>0x46</size>
         <input_file_ref idref="fl-52"/>
      </object_component>
      <object_component id="oc-3d6">
         <name>.debug_info</name>
         <load_address>0xc1d6</load_address>
         <run_address>0xc1d6</run_address>
         <size>0x39</size>
         <input_file_ref idref="fl-52"/>
      </object_component>
      <object_component id="oc-5a7">
         <name>.debug_info</name>
         <load_address>0xc20f</load_address>
         <run_address>0xc20f</run_address>
         <size>0x169</size>
         <input_file_ref idref="fl-53"/>
      </object_component>
      <object_component id="oc-4b7">
         <name>.debug_info</name>
         <load_address>0xc378</load_address>
         <run_address>0xc378</run_address>
         <size>0x3a0</size>
         <input_file_ref idref="fl-53"/>
      </object_component>
      <object_component id="oc-4be">
         <name>.debug_info</name>
         <load_address>0xc718</load_address>
         <run_address>0xc718</run_address>
         <size>0x1cf</size>
         <input_file_ref idref="fl-54"/>
      </object_component>
      <object_component id="oc-595">
         <name>.debug_info</name>
         <load_address>0xc8e7</load_address>
         <run_address>0xc8e7</run_address>
         <size>0x94</size>
         <input_file_ref idref="fl-54"/>
      </object_component>
      <object_component id="oc-4ab">
         <name>.debug_info</name>
         <load_address>0xc97b</load_address>
         <run_address>0xc97b</run_address>
         <size>0x166</size>
         <input_file_ref idref="fl-55"/>
      </object_component>
      <object_component id="oc-58b">
         <name>.debug_info</name>
         <load_address>0xcae1</load_address>
         <run_address>0xcae1</run_address>
         <size>0x175</size>
         <input_file_ref idref="fl-56"/>
      </object_component>
      <object_component id="oc-4a5">
         <name>.debug_info</name>
         <load_address>0xcc56</load_address>
[...]
      </symbol>
      <symbol id="sm-463">
         <name>__TI_int44</name>
         <value>0xffd8</value>
         <object_component_ref idref="oc-7c"/>
      </symbol>
      <symbol id="sm-464">
         <name>Timer_A2_ISR</name>
         <value>0x4426</value>
         <object_component_ref idref="oc-38c"/>
      </symbol>
      <symbol id="sm-465">
         <name>timer</name>
         <value>0x289c</value>
         <object_component_ref idref="oc-3e6"/>
      </symbol>
      <symbol id="sm-466">
         <name>main</name>
         <value>0x10f10</value>
         <object_component_ref idref="oc-3ff"/>
      </symbol>
      <symbol id="sm-4a7">
         <name>g_sContext</name>
         <value>0x2880</value>
      </symbol>
      <symbol id="sm-4a8">
         <name>setLeds</name>
         <value>0x12960</value>
         <object_component_ref idref="oc-472"/>
      </symbol>
      <symbol id="sm-4a9">
         <name>TIMER1_A0_ISR</name>
         <value>0x441c</value>
         <object_component_ref idref="oc-392"/>
      </symbol>
      <symbol id="sm-4aa">
         <name>configDisplay</name>
         <value>0x128d0</value>
         <object_component_ref idref="oc-44a"/>
      </symbol>
      <symbol id="sm-4ab">
         <name>__TI_int49</name>
         <value>0xffe2</value>
         <object_component_ref idref="oc-81"/>
      </symbol>
      <symbol id="sm-4ac">
         <name>configKeypad</name>
         <value>0x12918</value>
         <object_component_ref idref="oc-444"/>
      </symbol>
      <symbol id="sm-4ad">
         <name>BuzzerOff</name>
         <value>0x12e18</value>
         <object_component_ref idref="oc-46c"/>
      </symbol>
      <symbol id="sm-4ae">
         <name>getKey</name>
         <value>0x1202e</value>
         <object_component_ref idref="oc-47e"/>
      </symbol>
      <symbol id="sm-4b7">
         <name>Sharp96x96_Init</name>
         <value>0x12552</value>
         <object_component_ref idref="oc-51b"/>
      </symbol>
      <symbol id="sm-553">
         <name>DisplayBuffer</name>
         <value>0x2400</value>
      </symbol>
      <symbol id="sm-554">
         <name>Sharp96x96_ClearScreen</name>
         <value>0x124e8</value>
         <object_component_ref idref="oc-61c"/>
      </symbol>
      <symbol id="sm-555">
         <name>reverse</name>
         <value>0x12c78</value>
         <object_component_ref idref="oc-6b6"/>
      </symbol>
      <symbol id="sm-556">
         <name>VCOMbit</name>
         <value>0x28a0</value>
         <object_component_ref idref="oc-426"/>
      </symbol>
      <symbol id="sm-557">
         <name>Sharp96x96_Flush</name>
         <value>0x11cb8</value>
         <object_component_ref idref="oc-616"/>
      </symbol>
      <symbol id="sm-558">
         <name>g_sharp96x96LCD</name>
         <value>0x4b92</value>
         <object_component_ref idref="oc-521"/>
      </symbol>
      <symbol id="sm-559">
         <name>Sharp96x96_PixelDraw</name>
         <value>0x121bc</value>
         <object_component_ref idref="oc-5f2"/>
      </symbol>
      <symbol id="sm-55a">
         <name>flagSendToggleVCOMCommand</name>
         <value>0x28a1</value>
         <object_component_ref idref="oc-426"/>
      </symbol>
      <symbol id="sm-55b">
         <name>Sharp96x96_SendToggleVCOMCommand</name>
         <value>0x127e2</value>
         <object_component_ref idref="oc-3ea"/>
      </symbol>
      <symbol id="sm-55c">
         <name>referse_data</name>
         <value>0x4bd4</value>
         <object_component_ref idref="oc-6f4"/>
      </symbol>
      <symbol id="sm-56c">
         <name>g_sFontFixed6x8</name>
         <value>0x4a22</value>
         <object_component_ref idref="oc-536"/>
      </symbol>
      <symbol id="sm-5a7">
         <name>Graphics_setBackgroundColor</name>
         <value>0x12d18</value>
         <object_component_ref idref="oc-530"/>
      </symbol>
      <symbol id="sm-5a8">
         <name>Graphics_setFont</name>
         <value>0x12e40</value>
         <object_component_ref idref="oc-539"/>
      </symbol>
      <symbol id="sm-5a9">
         <name>Graphics_initContext</name>
         <value>0x12ae2</value>
         <object_component_ref idref="oc-524"/>
      </symbol>
      <symbol id="sm-5aa">
         <name>Graphics_setForegroundColor</name>
         <value>0x12d30</value>
         <object_component_ref idref="oc-52a"/>
      </symbol>
      <symbol id="sm-5ab">
         <name>Graphics_flushBuffer</name>
         <value>0x12e22</value>
         <object_component_ref idref="oc-53f"/>
      </symbol>
      <symbol id="sm-5ac">
         <name>Graphics_clearDisplay</name>
         <value>0x12dc4</value>
         <object_component_ref idref="oc-487"/>
      </symbol>
      <symbol id="sm-5d4">
         <name>Graphics_clearDisplayOnDisplay</name>
         <value>0x12dd4</value>
         <object_component_ref idref="oc-569"/>
      </symbol>
      <symbol id="sm-5d5">
         <name>Graphics_flushOnDisplay</name>
         <value>0x12df0</value>
         <object_component_ref idref="oc-639"/>
      </symbol>
      <symbol id="sm-5d6">
         <name>Graphics_drawPixelOnDisplay</name>
         <value>0x12de2</value>
         <object_component_ref idref="oc-6d7"/>
      </symbol>
      <symbol id="sm-5d7">
         <name>Graphics_translateColorOnDisplay</name>
         <value>0x12dfe</value>
         <object_component_ref idref="oc-625"/>
      </symbol>
      <symbol id="sm-5d8">
         <name>Graphics_drawHorizontalLineOnDisplay</name>
         <value>0x12cfe</value>
         <object_component_ref idref="oc-6fa"/>
      </symbol>
      <symbol id="sm-646">
         <name>Graphics_drawStringCentered</name>
         <value>0x123fa</value>
         <object_component_ref idref="oc-555"/>
      </symbol>
      <symbol id="sm-647">
         <name>Graphics_drawString</name>
         <value>0x10000</value>
         <object_component_ref idref="oc-646"/>
      </symbol>
      <symbol id="sm-648">
         <name>Graphics_getStringWidth</name>
         <value>0x11f60</value>
         <object_component_ref idref="oc-640"/>
      </symbol>
      <symbol id="sm-65f">
         <name>Graphics_drawLineH</name>
         <value>0x11dac</value>
         <object_component_ref idref="oc-6d1"/>
      </symbol>
      <symbol id="sm-668">
         <name>__mspabi_srai</name>
         <value>0x12e2c</value>
         <object_component_ref idref="oc-6a6"/>
      </symbol>
      <symbol id="sm-674">
         <name>__mspabi_remli</name>
         <value>0x12a26</value>
         <object_component_ref idref="oc-57a"/>
      </symbol>
      <symbol id="sm-675">
         <name>__mspabi_divli</name>
         <value>0x12a26</value>
         <object_component_ref idref="oc-57a"/>
      </symbol>
      <symbol id="sm-683">
         <name>__mspabi_remul</name>
         <value>0x126e2</value>
         <object_component_ref idref="oc-48d"/>
      </symbol>
      <symbol id="sm-684">
         <name>__mspabi_divul</name>
         <value>0x126e2</value>
         <object_component_ref idref="oc-48d"/>
      </symbol>
      <symbol id="sm-687">
         <name>__TI_int41</name>
         <value>0xffd2</value>
         <object_component_ref idref="oc-79"/>
      </symbol>
      <symbol id="sm-68a">
         <name>__TI_int42</name>
         <value>0xffd4</value>
         <object_component_ref idref="oc-7a"/>
      </symbol>
      <symbol id="sm-68d">
         <name>__TI_int43</name>
         <value>0xffd6</value>
         <object_component_ref idref="oc-7b"/>
      </symbol>
      <symbol id="sm-690">
         <name>__TI_int45</name>
         <value>0xffda</value>
         <object_component_ref idref="oc-7d"/>
      </symbol>
      <symbol id="sm-693">
         <name>__TI_int46</name>
         <value>0xffdc</value>
         <object_component_ref idref="oc-7e"/>
      </symbol>
      <symbol id="sm-696">
         <name>__TI_int47</name>
         <value>0xffde</value>
         <object_component_ref idref="oc-7f"/>
      </symbol>
      <symbol id="sm-699">
         <name>__TI_int48</name>
         <value>0xffe0</value>
         <object_component_ref idref="oc-80"/>
      </symbol>
      <symbol id="sm-69c">
         <name>__TI_int50</name>
         <value>0xffe4</value>
         <object_component_ref idref="oc-82"/>
      </symbol>
      <symbol id="sm-69f">
         <name>__TI_int51</name>
         <value>0xffe6</value>
         <object_component_ref idref="oc-83"/>
      </symbol>
      <symbol id="sm-6a2">
         <name>__TI_int52</name>
         <value>0xffe8</value>
         <object_component_ref idref="oc-84"/>
      </symbol>
      <symbol id="sm-6a5">
         <name>__TI_int53</name>
         <value>0xffea</value>
         <object_component_ref idref="oc-85"/>
      </symbol>
      <symbol id="sm-6a8">
         <name>__TI_int54</name>
         <value>0xffec</value>
         <object_component_ref idref="oc-86"/>
      </symbol>
      <symbol id="sm-6ab">
         <name>__TI_int55</name>
         <value>0xffee</value>
         <object_component_ref idref="oc-87"/>
      </symbol>
      <symbol id="sm-6ae">
         <name>__TI_int56</name>
         <value>0xfff0</value>
         <object_component_ref idref="oc-88"/>
      </symbol>
      <symbol id="sm-6b1">
         <name>__TI_int57</name>
         <value>0xfff2</value>
         <object_component_ref idref="oc-89"/>
      </symbol>
      <symbol id="sm-6b4">
         <name>__TI_int58</name>
         <value>0xfff4</value>
         <object_component_ref idref="oc-8a"/>
      </symbol>
      <symbol id="sm-6b7">
         <name>__TI_int59</name>
         <value>0xfff6</value>
         <object_component_ref idref="oc-8b"/>
      </symbol>
      <symbol id="sm-6ba">
         <name>__TI_int60</name>
         <value>0xfff8</value>
         <object_component_ref idref="oc-8c"/>
      </symbol>
      <symbol id="sm-6bd">
         <name>__TI_int61</name>
         <value>0xfffa</value>
         <object_component_ref idref="oc-8d"/>
      </symbol>
      <symbol id="sm-6c0">
         <name>__TI_int62</name>
         <value>0xfffc</value>
         <object_component_ref idref="oc-8e"/>
      </symbol>
      <symbol id="sm-6c8">
         <name>__TI_ISR_TRAP</name>
         <value>0x4430</value>
         <object_component_ref idref="oc-387"/>
      </symbol>
      <symbol id="sm-6d1">
         <name>__mspabi_slli</name>
         <value>0x12e36</value>
         <object_component_ref idref="oc-6ae"/>
      </symbol>
      <symbol id="sm-6da">
         <name>__mspabi_mpyi_f5hw</name>
         <value>0x12d48</value>
         <object_component_ref idref="oc-698"/>
      </symbol>
      <symbol id="sm-6e5">
         <name>__mspabi_mpyull_f5hw</name>
         <value>0x12cae</value>
         <object_component_ref idref="oc-663"/>
      </symbol>
      <symbol id="sm-6ed">
         <name>__mspabi_mpyll_f5hw</name>
         <value>0x12686</value>
         <object_component_ref idref="oc-65e"/>
      </symbol>
      <symbol id="sm-6fd">
         <name>_stack</name>
         <value>0x4360</value>
         <object_component_ref idref="oc-36b"/>
      </symbol>
      <symbol id="sm-6fe">
         <name>_c_int00_noargs</name>
         <value>0x4400</value>
         <object_component_ref idref="oc-3aa"/>
      </symbol>
      <symbol id="sm-6ff">
         <name>_reset_vector</name>
         <value>0xfffe</value>
         <object_component_ref idref="oc-36e"/>
      </symbol>
      <symbol id="sm-722">
         <name>__TI_auto_init_nobinit_nopinit_hold_wdt</name>
         <value>0x1278e</value>
         <object_component_ref idref="oc-4f4"/>
      </symbol>
      <symbol id="sm-735">
         <name>__TI_zero_init</name>
         <value>0x12cda</value>
         <object_component_ref idref="oc-39e"/>
      </symbol>
      <symbol id="sm-745">
         <name>_system_pre_init</name>
         <value>0x12e52</value>
         <object_component_ref idref="oc-3f9"/>
      </symbol>
      <symbol id="sm-74e">
         <name>_system_post_cinit</name>
         <value>0x12e56</value>
         <object_component_ref idref="oc-5cb"/>
      </symbol>
      <symbol id="sm-75f">
         <name>__TI_decompress_none</name>
         <value>0x12db2</value>
         <object_component_ref idref="oc-73"/>
      </symbol>
      <symbol id="sm-782">
         <name>__TI_decompress_lzss</name>
         <value>0x12472</value>
         <object_component_ref idref="oc-6d"/>
      </symbol>
      <symbol id="sm-7bc">
         <name>__mspabi_addd</name>
         <value>0x107e6</value>
         <object_component_ref idref="oc-4b6"/>
      </symbol>
      <symbol id="sm-7db">
         <name>__mspabi_cmpd</name>
         <value>0x11e88</value>
         <object_component_ref idref="oc-4bc"/>
      </symbol>
      <symbol id="sm-7e4">
         <name>__mspabi_fltud</name>
         <value>0x12e46</value>
         <object_component_ref idref="oc-4aa"/>
      </symbol>
      <symbol id="sm-7f9">
         <name>__mspabi_fltuld</name>
         <value>0x1237a</value>
         <object_component_ref idref="oc-4a4"/>
      </symbol>
      <symbol id="sm-81f">
         <name>__mspabi_mpyd</name>
         <value>0x112da</value>
         <object_component_ref idref="oc-4b0"/>
      </symbol>
      <symbol id="sm-829">
         <name>C$$EXIT</name>
         <value>0x12e4c</value>
         <object_component_ref idref="oc-4d0"/>
      </symbol>
      <symbol id="sm-82a">
         <name>abort</name>
         <value>0x12e4c</value>
         <object_component_ref idref="oc-4d0"/>
      </symbol>
      <symbol id="sm-83a">
         <name>memcpy</name>
         <value>0x12d8a</value>
         <object_component_ref idref="oc-37a"/>
      </symbol>
      <symbol id="sm-848">
         <name>memset</name>
         <value>0x12d60</value>
         <object_component_ref idref="oc-432"/>
      </symbol>
      <symbol id="sm-850">
         <name>__mspabi_slll_9</name>
         <value>0x12a7e</value>
         <object_component_ref idref="oc-580"/>
      </symbol>
      <symbol id="sm-851">
         <name>__mspabi_slll_8</name>
         <value>0x12a82</value>
         <object_component_ref idref="oc-580"/>
      </symbol>
      <symbol id="sm-852">
         <name>__mspabi_slll_7</name>
         <value>0x12a86</value>
         <object_component_ref idref="oc-580"/>
      </symbol>
      <symbol id="sm-853">
         <name>__mspabi_slll_6</name>
         <value>0x12a8a</value>
         <object_component_ref idref="oc-580"/>
      </symbol>
      <symbol id="sm-854">
         <name>__mspabi_slll_5</name>
         <value>0x12a8e</value>
         <object_component_ref idref="oc-580"/>
      </symbol>
      <symbol id="sm-855">
         <name>__mspabi_slll_4</name>
         <value>0x12a92</value>
         <object_component_ref idref="oc-580"/>
      </symbol>
      <symbol id="sm-856">
         <name>__mspabi_slll_3</name>
         <value>0x12a96</value>
         <object_component_ref idref="oc-580"/>
      </symbol>
      <symbol id="sm-857">
         <name>__mspabi_slll_2</name>
         <value>0x12a9a</value>
         <object_component_ref idref="oc-580"/>
      </symbol>
      <symbol id="sm-858">
         <name>__mspabi_slll_1</name>
         <value>0x12a9e</value>
         <object_component_ref idref="oc-580"/>
      </symbol>
      <symbol id="sm-859">
         <name>__mspabi_slll_15</name>
         <value>0x12a66</value>
         <object_component_ref idref="oc-580"/>
      </symbol>
      <symbol id="sm-85a">
         <name>__mspabi_slll_14</name>
         <value>0x12a6a</value>
         <object_component_ref idref="oc-580"/>
      </symbol>
      <symbol id="sm-85b">
         <name>__mspabi_slll_13</name>
         <value>0x12a6e</value>
         <object_component_ref idref="oc-580"/>
      </symbol>
      <symbol id="sm-85c">
         <name>__mspabi_slll_12</name>
         <value>0x12a72</value>
         <object_component_ref idref="oc-580"/>
      </symbol>
      <symbol id="sm-85d">
         <name>__mspabi_slll_11</name>
         <value>0x12a76</value>
         <object_component_ref idref="oc-580"/>
      </symbol>
      <symbol id="sm-85e">
         <name>__mspabi_slll_10</name>
         <value>0x12a7a</value>
         <object_component_ref idref="oc-580"/>
      </symbol>
      <symbol id="sm-866">
         <name>__mspabi_srll_8</name>
         <value>0x12ac0</value>
         <object_component_ref idref="oc-585"/>
      </symbol>
      <symbol id="sm-867">
         <name>__mspabi_srll_9</name>
         <value>0x12abc</value>
         <object_component_ref idref="oc-585"/>
      </symbol>
      <symbol id="sm-868">
         <name>__mspabi_srll_6</name>
         <value>0x12ac8</value>
         <object_component_ref idref="oc-585"/>
      </symbol>
      <symbol id="sm-869">
         <name>__mspabi_srll_7</name>
         <value>0x12ac4</value>
         <object_component_ref idref="oc-585"/>
      </symbol>
      <symbol id="sm-86a">
         <name>__mspabi_srll_4</name>
         <value>0x12ad0</value>
         <object_component_ref idref="oc-585"/>
      </symbol>
      <symbol id="sm-86b">
         <name>__mspabi_srll_5</name>
         <value>0x12acc</value>
         <object_component_ref idref="oc-585"/>
      </symbol>
      <symbol id="sm-86c">
         <name>__mspabi_srll_2</name>
         <value>0x12ad8</value>
         <object_component_ref idref="oc-585"/>
      </symbol>
      <symbol id="sm-86d">
         <name>__mspabi_srll_3</name>
         <value>0x12ad4</value>
         <object_component_ref idref="oc-585"/>
      </symbol>
      <symbol id="sm-86e">
         <name>__mspabi_srll_1</name>
         <value>0x12adc</value>
         <object_component_ref idref="oc-585"/>
      </symbol>
      <symbol id="sm-86f">
         <name>__mspabi_srll_15</name>
         <value>0x12aa4</value>
         <object_component_ref idref="oc-585"/>
      </symbol>
      <symbol id="sm-870">
         <name>__mspabi_srll_14</name>
         <value>0x12aa8</value>
         <object_component_ref idref="oc-585"/>
      </symbol>
      <symbol id="sm-871">
         <name>__mspabi_srll_13</name>
         <value>0x12aac</value>
         <object_component_ref idref="oc-585"/>
      </symbol>
      <symbol id="sm-872">
         <name>__mspabi_srll_12</name>
         <value>0x12ab0</value>
         <object_component_ref idref="oc-585"/>
      </symbol>
      <symbol id="sm-873">
         <name>__mspabi_srll_11</name>
         <value>0x12ab4</value>
         <object_component_ref idref="oc-585"/>
      </symbol>
      <symbol id="sm-874">
         <name>__mspabi_srll_10</name>
         <value>0x12ab8</value>
         <object_component_ref idref="oc-585"/>
      </symbol>
      <symbol id="sm-882">
         <name>__mspabi_srall</name>
         <value>0x129e6</value>
         <object_component_ref idref="oc-59a"/>
      </symbol>
      <symbol id="sm-88f">
         <name>__mspabi_sllll</name>
         <value>0x12b1e</value>
         <object_component_ref idref="oc-5a0"/>
      </symbol>
      <symbol id="sm-89c">
         <name>__mspabi_srlll</name>
         <value>0x12b58</value>
         <object_component_ref idref="oc-668"/>
      </symbol>
      <symbol id="sm-8a7">
         <name>__TI_frcmpyd</name>
         <value>0x11b54</value>
         <object_component_ref idref="oc-58d"/>
      </symbol>
   </symbol_table>
   <title>Link successful</title>
</link_info>
